0000          	START	PROG
0000          	STACK	16
                * Conta de um a dez
0000 13 32 30 	COPY	OLDER	ZERO
0000 13 33 31 	COPY	OLD	ONE
0000 141 35 10 	COPY	LIMIT	#10
0000 3 32     FRONT	LOAD	OLDER
0000 2 33     	ADD	OLD
0000 7 34     	STORE	NEW
0000 6 35     	SUB	LIMIT
0000 1 29     	BRPOS	FINAL
0000 8 34     	WRITE	NEW
0000 13 32 33 	COPY	OLDER	OLD
0000 13 33 34 	COPY	OLD	NEW
0000 0 9      	BR	FRONT
0000 11       FINAL	STOP
0000 0        ZERO	CONST	0
0000 1        ONE	CONST	1
0000          OLDER	SPACE
0000          OLD	SPACE
0000          NEW	SPACE
0000          LIMIT	SPACE
0000          	END

Nenhum erro detectado
